
> ecommerce-store@0.1.0 build
> next build

Γû▓ Next.js 16.1.6 (Turbopack)
- Environments: .env

node.exe : ΓÜá The 
"middleware" file 
convention is 
deprecated. Please 
use "proxy" instead. 
Learn more: https://n
extjs.org/docs/messag
es/middleware-to-prox
y
At C:\Program Files\n
odejs\npm.ps1:29 
char:3
+   & $NODE_EXE 
$NPM_CLI_JS $args
+   ~~~~~~~~~~~~~~~~~
~~~~~~~~~~~~
    + CategoryInfo   
           : NotSpe  
  cified: (ΓÜá The   
  "middle...lewar    
e-to-proxy:Strin    
g) [], RemoteExc    
eption
    + FullyQualified 
   ErrorId : Native  
  CommandError
 
  Creating an optimized production build ...

> Build error 
occurred
Error: Turbopack 
build failed with 1 
errors:
./src/app/auth/set-pa
ssword/page.tsx:1:5
Parsing ecmascript 
source code failed
[0m[31m[1m>[22m[
39m[90m 1 |[39m 
npm run dev[32m'use 
client'[39m[33m;[3
9m
 [90m   |[39m     
[31m[1m^[22m[39m[
31m[1m^[22m[39m[3
1m[1m^[22m[39m
 [90m 2 |[39m
 [90m 3 |[39m 
[36mimport[39m { 
useState } 
[36mfrom[39m [32m'
react'[39m[33m;[39
m
 [90m 4 |[39m 
[36mimport[39m { 
setPassword } 
[36mfrom[39m [32m'
./actions'[39m[33m;
[39m[0m

Expected ';', '}' or 
<eof>


    at <unknown> (./s
rc/app/auth/set-passw
ord/page.tsx:1:5)
